components/screens/ClientDetailsView.tsx(16,10): error TS2300: Duplicate identifier 'ViewMode'.
components/screens/ClientDetailsView.tsx(17,10): error TS2300: Duplicate identifier 'ViewMode'.
components/screens/ServicesView.tsx(130,47): error TS2339: Property 'map' does not exist on type 'unknown'.
context/AppContext.tsx(118,9): error TS2552: Cannot find name 'setAppointmentStatus'. Did you mean 'getAppointmentStatus'?
context/AppContext.tsx(122,9): error TS2552: Cannot find name 'setAppointmentStatus'. Did you mean 'getAppointmentStatus'?
context/AppContext.tsx(126,16): error TS2552: Cannot find name 'appointmentStatus'. Did you mean 'getAppointmentStatus'?
context/AppContext.tsx(127,9): error TS2552: Cannot find name 'appointmentStatus'. Did you mean 'getAppointmentStatus'?
context/AppContext.tsx(144,9): error TS18004: No value exists in scope for the shorthand property 'isNewApptOpen'. Either declare one or provide an initializer.
context/AppContext.tsx(145,9): error TS2552: Cannot find name 'appointmentStatus'. Did you mean 'getAppointmentStatus'?
context/AppContext.tsx(147,9): error TS18004: No value exists in scope for the shorthand property 'setIsNewApptOpen'. Either declare one or provide an initializer.
